// Jest Snapshot v1, https://goo.gl/fbAQLP

exports[`headerTemplate.vue snapshot 1`] = `
<div class="app-header">
  <div class="app-header-logo">
    <div class="app-header-logo__text">
      Conduit
    </div>
  </div>
  <div class="app-header-menu">
    <header-menu-template-stub></header-menu-template-stub>
  </div>
</div>
`;
